// Jest Snapshot v1, https://goo.gl/fbAQLP

exports[`index component should render component correctly 1`] = `
<body>
  <div>
     
    <article
      class="max-w-screen-lg m-auto"
    >
      <header
        class="text-center"
      >
        <h1
          class="text-xl sm:text-2xl"
        >
          expect(Exception)
        </h1>
         
        <h2
          class="text-lg sm:text-xl"
        >
          The Podcast about Frontend Testing.
        </h2>
      </header>
       
      <div
        class="w-full h-16"
      />
       
      <p>
        expect(Exception) is about Frontend Testing. We are open to discuss every
    single detail of thaewewrt opinionated topics. Unit, Integration E2E,
    Snapshot, Visual Regression, Tools and Frameworks and so on. There are two
    platforms: an open discussion forum for everyone and a podcast. Every
    episode, some of
    
        <a
          href="/about"
        >
          your hosts
        </a>
        
    talk about specific discussions of the open forum.
      </p>
       
      <div
        class="w-full h-16"
      />
       
      <a
        aria-label="Github Issue Tracker"
        href="https://github.com/expect-Exception/expect-exception/issues"
        rel="noopener noreferrer"
        target="_blank"
      >
        <section
          class="group cursor-pointer border rounded-lg p-5 text-white
    bg-gradient-dark-to-primary transition transform hover:scale-105
    duration-500 ease-in-out"
        >
          <h3
            class="pb-2 text-center text-xl"
          >
            Github Issue Tracker
          </h3>
           
          <hr />
           
          <div
            class="pt-2 flex justify-between"
          >
            <div>
              <p
                class="my-4"
              >
                You have questions or opinions about Frontend Testing? If you want to get
    involved, share thoughts, ask questions, give your opinion, join the
    
                <a
                  href="https://github.com/expect-Exception/expect-exception/issues"
                  rel="noopener noreferrer"
                  target="_blank"
                >
                  Github Repository of expect(Exception)
                </a>
                
    . Each issue represents one topic to talk about.
              </p>
               
              <a
                href="https://github.com/expect-Exception/expect-exception/issues"
                rel="noopener noreferrer"
                target="_blank"
              >
                Github Issue Tracker
                 
                <span
                  class="opacity-0 group-hover:opacity-100 transition-opacity
            duration-500 ease-in-out fa fa-external-link inline-block ml-2"
                />
              </a>
            </div>
             
            <div
              class="ml-8 flex flex-col justify-center"
            >
              <i
                aria-hidden="true"
                class="fa fa-github text-5xl transition transform hover:scale-125
          ease-out duration-700"
              />
            </div>
          </div>
        </section>
      </a>
       
      <div
        class="w-full h-8"
      />
       
      <a
        aria-label="Podcast"
        href="/podcast"
        rel=""
        target="_self"
      >
        <section
          class="group cursor-pointer border rounded-lg p-5 text-white
    bg-gradient-dark-to-primary transition transform hover:scale-105
    duration-500 ease-in-out"
        >
          <h3
            class="pb-2 text-center text-xl"
          >
            Podcast
          </h3>
           
          <hr />
           
          <div
            class="pt-2 flex justify-between"
          >
            <div>
              <p
                class="my-4"
              >
                Based on the Threads of the Github Issue Tracker, the
    
                <a
                  class="underline"
                  href="/about"
                >
                  expect(Exception) hosts
                </a>
                
    pick topics to discuss on. Enjoy listening!
              </p>
               
              <a
                href="/podcast"
                rel=""
                target="_self"
              >
                Podcast
                 
                <span
                  class="opacity-0 group-hover:opacity-100 transition-opacity
            duration-500 ease-in-out fa fa-rss inline-block ml-2"
                />
              </a>
            </div>
             
            <div
              class="ml-8 flex flex-col justify-center"
            >
              <i
                aria-hidden="true"
                class="fa fa-podcast text-5xl transition transform hover:scale-125
          ease-out duration-700"
              />
            </div>
          </div>
        </section>
      </a>
    </article>
  </div>
</body>
`;
